Lancement du pipeline scrapers (run_agno)...

=== CMD: /usr/local/bin/python -m scrapers.run_agno ===
9804 URL(s) à traiter (sheet='liens_R', colonne='liens')
[1/9804] https://base-donnees-publique.medicaments.gouv.fr/affichageDoc.php?specid=61266250&typedoc=R
[2/9804] https://base-donnees-publique.medicaments.gouv.fr/affichageDoc.php?specid=62869109&typedoc=R
[3/9804] https://base-donnees-publique.medicaments.gouv.fr/affichageDoc.php?specid=61876780&typedoc=R
[4/9804] https://base-donnees-publique.medicaments.gouv.fr/affichageDoc.php?specid=63797011&typedoc=R
[5/9804] https://base-donnees-publique.medicaments.gouv.fr/affichageDoc.php?specid=62401060&typedoc=R
[6/9804] https://base-donnees-publique.medicaments.gouv.fr/affichageDoc.php?specid=68257528&typedoc=R
[7/9804] https://base-donnees-publique.medicaments.gouv.fr/affichageDoc.php?specid=62828870&typedoc=R
[8/9804] https://base-donnees-publique.medicaments.gouv.fr/affichageDoc.php?specid=63431640&typedoc=R
[9/9804] https://base-donnees-publique.medicaments.gouv.fr/affichageDoc.php?specid=65196479&typedoc=R
[10/9804] https://base-donnees-publique.medicaments.gouv.fr/affichageDoc.php?specid=62170486&typedoc=R
[11/9804] https://base-donnees-publique.medicaments.gouv.fr/affichageDoc.php?specid=67720261&typedoc=R
[12/9804] https://base-donnees-publique.medicaments.gouv.fr/affichageDoc.php?specid=65857902&typedoc=R
[13/9804] https://base-donnees-publique.medicaments.gouv.fr/affichageDoc.php?specid=67567004&typedoc=R
[14/9804] https://base-donnees-publique.medicaments.gouv.fr/affichageDoc.php?specid=62202005&typedoc=R
[15/9804] https://base-donnees-publique.medicaments.gouv.fr/affichageDoc.php?specid=63152345&typedoc=R
[16/9804] https://base-donnees-publique.medicaments.gouv.fr/affichageDoc.php?specid=61954108&typedoc=R
[17/9804] https://base-donnees-publique.medicaments.gouv.fr/affichageDoc.php?specid=65731907&typedoc=R
[18/9804] https://base-donnees-publique.medicaments.gouv.fr/affichageDoc.php?specid=65412934&typedoc=R
[19/9804] https://base-donnees-publique.medicaments.gouv.fr/affichageDoc.php?specid=61760740&typedoc=R
[20/9804] https://base-donnees-publique.medicaments.gouv.fr/affichageDoc.php?specid=66460184&typedoc=R
[21/9804] https://base-donnees-publique.medicaments.gouv.fr/affichageDoc.php?specid=67365440&typedoc=R
[22/9804] https://base-donnees-publique.medicaments.gouv.fr/affichageDoc.php?specid=63001674&typedoc=R
[23/9804] https://base-donnees-publique.medicaments.gouv.fr/affichageDoc.php?specid=65665802&typedoc=R
[24/9804] https://base-donnees-publique.medicaments.gouv.fr/affichageDoc.php?specid=68336954&typedoc=R
[25/9804] https://base-donnees-publique.medicaments.gouv.fr/affichageDoc.php?specid=67144513&typedoc=R
[26/9804] https://base-donnees-publique.medicaments.gouv.fr/affichageDoc.php?specid=61464150&typedoc=R
[27/9804] https://base-donnees-publique.medicaments.gouv.fr/affichageDoc.php?specid=60282999&typedoc=R
[28/9804] https://base-donnees-publique.medicaments.gouv.fr/affichageDoc.php?specid=63451714&typedoc=R
[29/9804] https://base-donnees-publique.medicaments.gouv.fr/affichageDoc.php?specid=61578296&typedoc=R
[30/9804] https://base-donnees-publique.medicaments.gouv.fr/affichageDoc.php?specid=64728712&typedoc=R
[31/9804] https://base-donnees-publique.medicaments.gouv.fr/affichageDoc.php?specid=69724187&typedoc=R
[32/9804] https://base-donnees-publique.medicaments.gouv.fr/affichageDoc.php?specid=60929194&typedoc=R
[33/9804] https://base-donnees-publique.medicaments.gouv.fr/affichageDoc.php?specid=69664434&typedoc=R
[34/9804] https://base-donnees-publique.medicaments.gouv.fr/affichageDoc.php?specid=68371745&typedoc=R
[35/9804] https://base-donnees-publique.medicaments.gouv.fr/affichageDoc.php?specid=64127672&typedoc=R
[36/9804] https://base-donnees-publique.medicaments.gouv.fr/affichageDoc.php?specid=69116854&typedoc=R
[37/9804] https://base-donnees-publique.medicaments.gouv.fr/affichageDoc.php?specid=61937888&typedoc=R
[38/9804] https://base-donnees-publique.medicaments.gouv.fr/affichageDoc.php?specid=67093136&typedoc=R
[39/9804] https://base-donnees-publique.medicaments.gouv.fr/affichageDoc.php?specid=69771614&typedoc=R
[40/9804] https://base-donnees-publique.medicaments.gouv.fr/affichageDoc.php?specid=60946941&typedoc=R
[41/9804] https://base-donnees-publique.medicaments.gouv.fr/affichageDoc.php?specid=60989978&typedoc=R
[42/9804] https://base-donnees-publique.medicaments.gouv.fr/affichageDoc.php?specid=67901945&typedoc=R
[43/9804] https://base-donnees-publique.medicaments.gouv.fr/affichageDoc.php?specid=64493666&typedoc=R
[44/9804] https://base-donnees-publique.medicaments.gouv.fr/affichageDoc.php?specid=67813445&typedoc=R
[45/9804] https://base-donnees-publique.medicaments.gouv.fr/affichageDoc.php?specid=67627711&typedoc=R
[46/9804] https://base-donnees-publique.medicaments.gouv.fr/affichageDoc.php?specid=61278936&typedoc=R
[47/9804] https://base-donnees-publique.medicaments.gouv.fr/affichageDoc.php?specid=69430342&typedoc=R
[48/9804] https://base-donnees-publique.medicaments.gouv.fr/affichageDoc.php?specid=63880820&typedoc=R
[49/9804] https://base-donnees-publique.medicaments.gouv.fr/affichageDoc.php?specid=63661520&typedoc=R
[50/9804] https://base-donnees-publique.medicaments.gouv.fr/affichageDoc.php?specid=68167148&typedoc=R
[51/9804] https://base-donnees-publique.medicaments.gouv.fr/affichageDoc.php?specid=65637614&typedoc=R
[52/9804] https://base-donnees-publique.medicaments.gouv.fr/affichageDoc.php?specid=60281598&typedoc=R
[53/9804] https://base-donnees-publique.medicaments.gouv.fr/affichageDoc.php?specid=64021217&typedoc=R
[54/9804] https://base-donnees-publique.medicaments.gouv.fr/affichageDoc.php?specid=69461099&typedoc=R
[55/9804] https://base-donnees-publique.medicaments.gouv.fr/affichageDoc.php?specid=63874155&typedoc=R
[56/9804] https://base-donnees-publique.medicaments.gouv.fr/affichageDoc.php?specid=64304820&typedoc=R
[57/9804] https://base-donnees-publique.medicaments.gouv.fr/affichageDoc.php?specid=67050875&typedoc=R
[58/9804] https://base-donnees-publique.medicaments.gouv.fr/affichageDoc.php?specid=64847741&typedoc=R
[59/9804] https://base-donnees-publique.medicaments.gouv.fr/affichageDoc.php?specid=62604153&typedoc=R
[60/9804] https://base-donnees-publique.medicaments.gouv.fr/affichageDoc.php?specid=67771398&typedoc=R
[61/9804] https://base-donnees-publique.medicaments.gouv.fr/affichageDoc.php?specid=62500717&typedoc=R
[62/9804] https://base-donnees-publique.medicaments.gouv.fr/affichageDoc.php?specid=69877717&typedoc=R
[63/9804] https://base-donnees-publique.medicaments.gouv.fr/affichageDoc.php?specid=65842957&typedoc=R
[64/9804] https://base-donnees-publique.medicaments.gouv.fr/affichageDoc.php?specid=60477038&typedoc=R
[65/9804] https://base-donnees-publique.medicaments.gouv.fr/affichageDoc.php?specid=63151492&typedoc=R
[66/9804] https://base-donnees-publique.medicaments.gouv.fr/affichageDoc.php?specid=68600724&typedoc=R
[67/9804] https://base-donnees-publique.medicaments.gouv.fr/affichageDoc.php?specid=64130871&typedoc=R
[68/9804] https://base-donnees-publique.medicaments.gouv.fr/affichageDoc.php?specid=64937530&typedoc=R
[69/9804] https://base-donnees-publique.medicaments.gouv.fr/affichageDoc.php?specid=63092688&typedoc=R
[70/9804] https://base-donnees-publique.medicaments.gouv.fr/affichageDoc.php?specid=65900339&typedoc=R
[71/9804] https://base-donnees-publique.medicaments.gouv.fr/affichageDoc.php?specid=67552319&typedoc=R
[72/9804] https://base-donnees-publique.medicaments.gouv.fr/affichageDoc.php?specid=69243168&typedoc=R
[73/9804] https://base-donnees-publique.medicaments.gouv.fr/affichageDoc.php?specid=69148542&typedoc=R
[74/9804] https://base-donnees-publique.medicaments.gouv.fr/affichageDoc.php?specid=69205527&typedoc=R
[75/9804] https://base-donnees-publique.medicaments.gouv.fr/affichageDoc.php?specid=68043798&typedoc=R
[76/9804] https://base-donnees-publique.medicaments.gouv.fr/affichageDoc.php?specid=69896678&typedoc=R
[77/9804] https://base-donnees-publique.medicaments.gouv.fr/affichageDoc.php?specid=67657188&typedoc=R
[78/9804] https://base-donnees-publique.medicaments.gouv.fr/affichageDoc.php?specid=65483582&typedoc=R
[79/9804] https://base-donnees-publique.medicaments.gouv.fr/affichageDoc.php?specid=62887979&typedoc=R
[80/9804] https://base-donnees-publique.medicaments.gouv.fr/affichageDoc.php?specid=65897327&typedoc=R
[81/9804] https://base-donnees-publique.medicaments.gouv.fr/affichageDoc.php?specid=65372144&typedoc=R
[82/9804] https://base-donnees-publique.medicaments.gouv.fr/affichageDoc.php?specid=68401067&typedoc=R
[83/9804] https://base-donnees-publique.medicaments.gouv.fr/affichageDoc.php?specid=61683272&typedoc=R
[84/9804] https://base-donnees-publique.medicaments.gouv.fr/affichageDoc.php?specid=62022480&typedoc=R
[85/9804] https://base-donnees-publique.medicaments.gouv.fr/affichageDoc.php?specid=67363642&typedoc=R
[86/9804] https://base-donnees-publique.medicaments.gouv.fr/affichageDoc.php?specid=60111197&typedoc=R
[87/9804] https://base-donnees-publique.medicaments.gouv.fr/affichageDoc.php?specid=64858307&typedoc=R
[88/9804] https://base-donnees-publique.medicaments.gouv.fr/affichageDoc.php?specid=63299690&typedoc=R
[89/9804] https://base-donnees-publique.medicaments.gouv.fr/affichageDoc.php?specid=62485208&typedoc=R
[90/9804] https://base-donnees-publique.medicaments.gouv.fr/affichageDoc.php?specid=68303445&typedoc=R
[91/9804] https://base-donnees-publique.medicaments.gouv.fr/affichageDoc.php?specid=62970791&typedoc=R
[92/9804] https://base-donnees-publique.medicaments.gouv.fr/affichageDoc.php?specid=68102563&typedoc=R
[93/9804] https://base-donnees-publique.medicaments.gouv.fr/affichageDoc.php?specid=69175190&typedoc=R
[94/9804] https://base-donnees-publique.medicaments.gouv.fr/affichageDoc.php?specid=67344332&typedoc=R
[95/9804] https://base-donnees-publique.medicaments.gouv.fr/affichageDoc.php?specid=61938584&typedoc=R
[96/9804] https://base-donnees-publique.medicaments.gouv.fr/affichageDoc.php?specid=60418673&typedoc=R
[97/9804] https://base-donnees-publique.medicaments.gouv.fr/affichageDoc.php?specid=62891447&typedoc=R
[98/9804] https://base-donnees-publique.medicaments.gouv.fr/affichageDoc.php?specid=64776881&typedoc=R
[99/9804] https://base-donnees-publique.medicaments.gouv.fr/affichageDoc.php?specid=61754342&typedoc=R
[100/9804] https://base-donnees-publique.medicaments.gouv.fr/affichageDoc.php?specid=69116587&typedoc=R
[101/9804] https://base-donnees-publique.medicaments.gouv.fr/affichageDoc.php?specid=60799637&typedoc=R
[102/9804] https://base-donnees-publique.medicaments.gouv.fr/affichageDoc.php?specid=68560639&typedoc=R
[103/9804] https://base-donnees-publique.medicaments.gouv.fr/affichageDoc.php?specid=66086740&typedoc=R
[104/9804] https://base-donnees-publique.medicaments.gouv.fr/affichageDoc.php?specid=68474955&typedoc=R
[105/9804] https://base-donnees-publique.medicaments.gouv.fr/affichageDoc.php?specid=67720806&typedoc=R
[106/9804] https://base-donnees-publique.medicaments.gouv.fr/affichageDoc.php?specid=69258501&typedoc=R
[107/9804] https://base-donnees-publique.medicaments.gouv.fr/affichageDoc.php?specid=60126377&typedoc=R
[108/9804] https://base-donnees-publique.medicaments.gouv.fr/affichageDoc.php?specid=60890745&typedoc=R
[109/9804] https://base-donnees-publique.medicaments.gouv.fr/affichageDoc.php?specid=67260521&typedoc=R
[110/9804] https://base-donnees-publique.medicaments.gouv.fr/affichageDoc.php?specid=69540696&typedoc=R
[111/9804] https://base-donnees-publique.medicaments.gouv.fr/affichageDoc.php?specid=64855318&typedoc=R
[112/9804] https://base-donnees-publique.medicaments.gouv.fr/affichageDoc.php?specid=64941728&typedoc=R
[113/9804] https://base-donnees-publique.medicaments.gouv.fr/affichageDoc.php?specid=60964409&typedoc=R
[114/9804] https://base-donnees-publique.medicaments.gouv.fr/affichageDoc.php?specid=69180611&typedoc=R
[115/9804] https://base-donnees-publique.medicaments.gouv.fr/affichageDoc.php?specid=66005293&typedoc=R
[116/9804] https://base-donnees-publique.medicaments.gouv.fr/affichageDoc.php?specid=68881730&typedoc=R
[117/9804] https://base-donnees-publique.medicaments.gouv.fr/affichageDoc.php?specid=69784280&typedoc=R
[118/9804] https://base-donnees-publique.medicaments.gouv.fr/affichageDoc.php?specid=60365142&typedoc=R
[119/9804] https://base-donnees-publique.medicaments.gouv.fr/affichageDoc.php?specid=63281774&typedoc=R
[120/9804] https://base-donnees-publique.medicaments.gouv.fr/affichageDoc.php?specid=67464926&typedoc=R
[121/9804] https://base-donnees-publique.medicaments.gouv.fr/affichageDoc.php?specid=68229767&typedoc=R
[122/9804] https://base-donnees-publique.medicaments.gouv.fr/affichageDoc.php?specid=68659822&typedoc=R
[123/9804] https://base-donnees-publique.medicaments.gouv.fr/affichageDoc.php?specid=63174719&typedoc=R
[124/9804] https://base-donnees-publique.medicaments.gouv.fr/affichageDoc.php?specid=63525488&typedoc=R
[125/9804] https://base-donnees-publique.medicaments.gouv.fr/affichageDoc.php?specid=64272874&typedoc=R
[126/9804] https://base-donnees-publique.medicaments.gouv.fr/affichageDoc.php?specid=63001941&typedoc=R
[127/9804] https://base-donnees-publique.medicaments.gouv.fr/affichageDoc.php?specid=65035846&typedoc=R
[128/9804] https://base-donnees-publique.medicaments.gouv.fr/affichageDoc.php?specid=69242155&typedoc=R
[129/9804] https://base-donnees-publique.medicaments.gouv.fr/affichageDoc.php?specid=60934017&typedoc=R
[130/9804] https://base-donnees-publique.medicaments.gouv.fr/affichageDoc.php?specid=66407096&typedoc=R
[131/9804] https://base-donnees-publique.medicaments.gouv.fr/affichageDoc.php?specid=62300481&typedoc=R
[132/9804] https://base-donnees-publique.medicaments.gouv.fr/affichageDoc.php?specid=62999597&typedoc=R
[133/9804] https://base-donnees-publique.medicaments.gouv.fr/affichageDoc.php?specid=63278319&typedoc=R
[134/9804] https://base-donnees-publique.medicaments.gouv.fr/affichageDoc.php?specid=64079238&typedoc=R
[135/9804] https://base-donnees-publique.medicaments.gouv.fr/affichageDoc.php?specid=66407826&typedoc=R
[136/9804] https://base-donnees-publique.medicaments.gouv.fr/affichageDoc.php?specid=68265101&typedoc=R
[137/9804] https://base-donnees-publique.medicaments.gouv.fr/affichageDoc.php?specid=60648756&typedoc=R
[138/9804] https://base-donnees-publique.medicaments.gouv.fr/affichageDoc.php?specid=65079554&typedoc=R
[139/9804] https://base-donnees-publique.medicaments.gouv.fr/affichageDoc.php?specid=65383557&typedoc=R
[140/9804] https://base-donnees-publique.medicaments.gouv.fr/affichageDoc.php?specid=60796566&typedoc=R
[141/9804] https://base-donnees-publique.medicaments.gouv.fr/affichageDoc.php?specid=63501366&typedoc=R
[142/9804] https://base-donnees-publique.medicaments.gouv.fr/affichageDoc.php?specid=67320915&typedoc=R
[143/9804] https://base-donnees-publique.medicaments.gouv.fr/affichageDoc.php?specid=68502917&typedoc=R
[144/9804] https://base-donnees-publique.medicaments.gouv.fr/affichageDoc.php?specid=69448600&typedoc=R
[145/9804] https://base-donnees-publique.medicaments.gouv.fr/affichageDoc.php?specid=69661235&typedoc=R
[146/9804] https://base-donnees-publique.medicaments.gouv.fr/affichageDoc.php?specid=68762562&typedoc=R
[147/9804] https://base-donnees-publique.medicaments.gouv.fr/affichageDoc.php?specid=67676765&typedoc=R
[148/9804] https://base-donnees-publique.medicaments.gouv.fr/affichageDoc.php?specid=64944927&typedoc=R
[149/9804] https://base-donnees-publique.medicaments.gouv.fr/affichageDoc.php?specid=64108825&typedoc=R
[150/9804] https://base-donnees-publique.medicaments.gouv.fr/affichageDoc.php?specid=66343989&typedoc=R
[151/9804] https://base-donnees-publique.medicaments.gouv.fr/affichageDoc.php?specid=63861752&typedoc=R
[152/9804] https://base-donnees-publique.medicaments.gouv.fr/affichageDoc.php?specid=65427676&typedoc=R
[153/9804] https://base-donnees-publique.medicaments.gouv.fr/affichageDoc.php?specid=64913426&typedoc=R
[154/9804] https://base-donnees-publique.medicaments.gouv.fr/affichageDoc.php?specid=61884211&typedoc=R
[155/9804] https://base-donnees-publique.medicaments.gouv.fr/affichageDoc.php?specid=62714607&typedoc=R
[156/9804] https://base-donnees-publique.medicaments.gouv.fr/affichageDoc.php?specid=63520847&typedoc=R
[157/9804] https://base-donnees-publique.medicaments.gouv.fr/affichageDoc.php?specid=64314490&typedoc=R
[158/9804] https://base-donnees-publique.medicaments.gouv.fr/affichageDoc.php?specid=64564711&typedoc=R
[159/9804] https://base-donnees-publique.medicaments.gouv.fr/affichageDoc.php?specid=60151843&typedoc=R
[160/9804] https://base-donnees-publique.medicaments.gouv.fr/affichageDoc.php?specid=68806603&typedoc=R
[161/9804] https://base-donnees-publique.medicaments.gouv.fr/affichageDoc.php?specid=69307489&typedoc=R
[162/9804] https://base-donnees-publique.medicaments.gouv.fr/affichageDoc.php?specid=60970141&typedoc=R
[163/9804] https://base-donnees-publique.medicaments.gouv.fr/affichageDoc.php?specid=61225182&typedoc=R
[164/9804] https://base-donnees-publique.medicaments.gouv.fr/affichageDoc.php?specid=60886120&typedoc=R
[165/9804] https://base-donnees-publique.medicaments.gouv.fr/affichageDoc.php?specid=66438622&typedoc=R
[166/9804] https://base-donnees-publique.medicaments.gouv.fr/affichageDoc.php?specid=62508863&typedoc=R
[167/9804] https://base-donnees-publique.medicaments.gouv.fr/affichageDoc.php?specid=62994066&typedoc=R
[168/9804] https://base-donnees-publique.medicaments.gouv.fr/affichageDoc.php?specid=69846255&typedoc=R
[169/9804] https://base-donnees-publique.medicaments.gouv.fr/affichageDoc.php?specid=67519707&typedoc=R
[170/9804] https://base-donnees-publique.medicaments.gouv.fr/affichageDoc.php?specid=66175242&typedoc=R
[171/9804] https://base-donnees-publique.medicaments.gouv.fr/affichageDoc.php?specid=64410713&typedoc=R
[172/9804] https://base-donnees-publique.medicaments.gouv.fr/affichageDoc.php?specid=64044205&typedoc=R
[173/9804] https://base-donnees-publique.medicaments.gouv.fr/affichageDoc.php?specid=67182791&typedoc=R
[174/9804] https://base-donnees-publique.medicaments.gouv.fr/affichageDoc.php?specid=68480627&typedoc=R
[175/9804] https://base-donnees-publique.medicaments.gouv.fr/affichageDoc.php?specid=65063322&typedoc=R
[176/9804] https://base-donnees-publique.medicaments.gouv.fr/affichageDoc.php?specid=65148121&typedoc=R
[177/9804] https://base-donnees-publique.medicaments.gouv.fr/affichageDoc.php?specid=64908596&typedoc=R
[178/9804] https://base-donnees-publique.medicaments.gouv.fr/affichageDoc.php?specid=69636666&typedoc=R
[179/9804] https://base-donnees-publique.medicaments.gouv.fr/affichageDoc.php?specid=60991573&typedoc=R
[180/9804] https://base-donnees-publique.medicaments.gouv.fr/affichageDoc.php?specid=67159166&typedoc=R
[181/9804] https://base-donnees-publique.medicaments.gouv.fr/affichageDoc.php?specid=69152302&typedoc=R
[182/9804] https://base-donnees-publique.medicaments.gouv.fr/affichageDoc.php?specid=61104024&typedoc=R
[183/9804] https://base-donnees-publique.medicaments.gouv.fr/affichageDoc.php?specid=65464525&typedoc=R
[184/9804] https://base-donnees-publique.medicaments.gouv.fr/affichageDoc.php?specid=69488452&typedoc=R
[185/9804] https://base-donnees-publique.medicaments.gouv.fr/affichageDoc.php?specid=61774341&typedoc=R
[186/9804] https://base-donnees-publique.medicaments.gouv.fr/affichageDoc.php?specid=60206332&typedoc=R
[187/9804] https://base-donnees-publique.medicaments.gouv.fr/affichageDoc.php?specid=69928332&typedoc=R
[188/9804] https://base-donnees-publique.medicaments.gouv.fr/affichageDoc.php?specid=67177673&typedoc=R
[189/9804] https://base-donnees-publique.medicaments.gouv.fr/affichageDoc.php?specid=63617876&typedoc=R
[190/9804] https://base-donnees-publique.medicaments.gouv.fr/affichageDoc.php?specid=62187806&typedoc=R
[191/9804] https://base-donnees-publique.medicaments.gouv.fr/affichageDoc.php?specid=66645425&typedoc=R
[192/9804] https://base-donnees-publique.medicaments.gouv.fr/affichageDoc.php?specid=67100036&typedoc=R
[193/9804] https://base-donnees-publique.medicaments.gouv.fr/affichageDoc.php?specid=64417355&typedoc=R
[194/9804] https://base-donnees-publique.medicaments.gouv.fr/affichageDoc.php?specid=62469549&typedoc=R
[195/9804] https://base-donnees-publique.medicaments.gouv.fr/affichageDoc.php?specid=63454500&typedoc=R
[196/9804] https://base-donnees-publique.medicaments.gouv.fr/affichageDoc.php?specid=64288864&typedoc=R
[197/9804] https://base-donnees-publique.medicaments.gouv.fr/affichageDoc.php?specid=60765898&typedoc=R
[198/9804] https://base-donnees-publique.medicaments.gouv.fr/affichageDoc.php?specid=63594630&typedoc=R
[199/9804] https://base-donnees-publique.medicaments.gouv.fr/affichageDoc.php?specid=69235748&typedoc=R
[200/9804] https://base-donnees-publique.medicaments.gouv.fr/affichageDoc.php?specid=64373026&typedoc=R
[201/9804] https://base-donnees-publique.medicaments.gouv.fr/affichageDoc.php?specid=62820286&typedoc=R
[202/9804] https://base-donnees-publique.medicaments.gouv.fr/affichageDoc.php?specid=62417470&typedoc=R
[203/9804] https://base-donnees-publique.medicaments.gouv.fr/affichageDoc.php?specid=66047164&typedoc=R
[204/9804] https://base-donnees-publique.medicaments.gouv.fr/affichageDoc.php?specid=67928230&typedoc=R
[205/9804] https://base-donnees-publique.medicaments.gouv.fr/affichageDoc.php?specid=62210849&typedoc=R
[206/9804] https://base-donnees-publique.medicaments.gouv.fr/affichageDoc.php?specid=69716824&typedoc=R
[207/9804] https://base-donnees-publique.medicaments.gouv.fr/affichageDoc.php?specid=64392560&typedoc=R
[208/9804] https://base-donnees-publique.medicaments.gouv.fr/affichageDoc.php?specid=60399454&typedoc=R
[209/9804] https://base-donnees-publique.medicaments.gouv.fr/affichageDoc.php?specid=65740030&typedoc=R
[210/9804] https://base-donnees-publique.medicaments.gouv.fr/affichageDoc.php?specid=64566299&typedoc=R
[211/9804] https://base-donnees-publique.medicaments.gouv.fr/affichageDoc.php?specid=68951171&typedoc=R
[212/9804] https://base-donnees-publique.medicaments.gouv.fr/affichageDoc.php?specid=67448313&typedoc=R
[213/9804] https://base-donnees-publique.medicaments.gouv.fr/affichageDoc.php?specid=62040674&typedoc=R
[214/9804] https://base-donnees-publique.medicaments.gouv.fr/affichageDoc.php?specid=60043038&typedoc=R
[215/9804] https://base-donnees-publique.medicaments.gouv.fr/affichageDoc.php?specid=68337593&typedoc=R
[216/9804] https://base-donnees-publique.medicaments.gouv.fr/affichageDoc.php?specid=62927128&typedoc=R
[217/9804] https://base-donnees-publique.medicaments.gouv.fr/affichageDoc.php?specid=62206135&typedoc=R
[218/9804] https://base-donnees-publique.medicaments.gouv.fr/affichageDoc.php?specid=63866361&typedoc=R
[219/9804] https://base-donnees-publique.medicaments.gouv.fr/affichageDoc.php?specid=62580656&typedoc=R
[220/9804] https://base-donnees-publique.medicaments.gouv.fr/affichageDoc.php?specid=65099368&typedoc=R
[221/9804] https://base-donnees-publique.medicaments.gouv.fr/affichageDoc.php?specid=67245747&typedoc=R
[222/9804] https://base-donnees-publique.medicaments.gouv.fr/affichageDoc.php?specid=62886560&typedoc=R
[223/9804] https://base-donnees-publique.medicaments.gouv.fr/affichageDoc.php?specid=69422057&typedoc=R
[224/9804] https://base-donnees-publique.medicaments.gouv.fr/affichageDoc.php?specid=69982928&typedoc=R
[225/9804] https://base-donnees-publique.medicaments.gouv.fr/affichageDoc.php?specid=61855583&typedoc=R
[226/9804] https://base-donnees-publique.medicaments.gouv.fr/affichageDoc.php?specid=62967603&typedoc=R
[227/9804] https://base-donnees-publique.medicaments.gouv.fr/affichageDoc.php?specid=68352264&typedoc=R
[228/9804] https://base-donnees-publique.medicaments.gouv.fr/affichageDoc.php?specid=67537114&typedoc=R
[229/9804] https://base-donnees-publique.medicaments.gouv.fr/affichageDoc.php?specid=63052537&typedoc=R
[230/9804] https://base-donnees-publique.medicaments.gouv.fr/affichageDoc.php?specid=60928936&typedoc=R
[231/9804] https://base-donnees-publique.medicaments.gouv.fr/affichageDoc.php?specid=66265330&typedoc=R
[232/9804] https://base-donnees-publique.medicaments.gouv.fr/affichageDoc.php?specid=67180032&typedoc=R
[233/9804] https://base-donnees-publique.medicaments.gouv.fr/affichageDoc.php?specid=68955248&typedoc=R
[234/9804] https://base-donnees-publique.medicaments.gouv.fr/affichageDoc.php?specid=68176916&typedoc=R
[235/9804] https://base-donnees-publique.medicaments.gouv.fr/affichageDoc.php?specid=66927104&typedoc=R
[236/9804] https://base-donnees-publique.medicaments.gouv.fr/affichageDoc.php?specid=61964294&typedoc=R
[237/9804] https://base-donnees-publique.medicaments.gouv.fr/affichageDoc.php?specid=62024136&typedoc=R
[238/9804] https://base-donnees-publique.medicaments.gouv.fr/affichageDoc.php?specid=69150358&typedoc=R
[239/9804] https://base-donnees-publique.medicaments.gouv.fr/affichageDoc.php?specid=61072758&typedoc=R
[240/9804] https://base-donnees-publique.medicaments.gouv.fr/affichageDoc.php?specid=69325747&typedoc=R
[241/9804] https://base-donnees-publique.medicaments.gouv.fr/affichageDoc.php?specid=69556177&typedoc=R
[242/9804] https://base-donnees-publique.medicaments.gouv.fr/affichageDoc.php?specid=69553494&typedoc=R
[243/9804] https://base-donnees-publique.medicaments.gouv.fr/affichageDoc.php?specid=65771499&typedoc=R
[244/9804] https://base-donnees-publique.medicaments.gouv.fr/affichageDoc.php?specid=64367525&typedoc=R
[245/9804] https://base-donnees-publique.medicaments.gouv.fr/affichageDoc.php?specid=66269026&typedoc=R
[246/9804] https://base-donnees-publique.medicaments.gouv.fr/affichageDoc.php?specid=68634000&typedoc=R
[247/9804] https://base-donnees-publique.medicaments.gouv.fr/affichageDoc.php?specid=63646874&typedoc=R
[248/9804] https://base-donnees-publique.medicaments.gouv.fr/affichageDoc.php?specid=67848097&typedoc=R
[249/9804] https://base-donnees-publique.medicaments.gouv.fr/affichageDoc.php?specid=61959735&typedoc=R
[250/9804] https://base-donnees-publique.medicaments.gouv.fr/affichageDoc.php?specid=68033779&typedoc=R
[251/9804] https://base-donnees-publique.medicaments.gouv.fr/affichageDoc.php?specid=63040606&typedoc=R
[252/9804] https://base-donnees-publique.medicaments.gouv.fr/affichageDoc.php?specid=69955824&typedoc=R
[253/9804] https://base-donnees-publique.medicaments.gouv.fr/affichageDoc.php?specid=61902232&typedoc=R
[254/9804] https://base-donnees-publique.medicaments.gouv.fr/affichageDoc.php?specid=63498500&typedoc=R
[255/9804] https://base-donnees-publique.medicaments.gouv.fr/affichageDoc.php?specid=61054685&typedoc=R
[256/9804] https://base-donnees-publique.medicaments.gouv.fr/affichageDoc.php?specid=67316525&typedoc=R
[257/9804] https://base-donnees-publique.medicaments.gouv.fr/affichageDoc.php?specid=64700855&typedoc=R
[258/9804] https://base-donnees-publique.medicaments.gouv.fr/affichageDoc.php?specid=68821893&typedoc=R
[259/9804] https://base-donnees-publique.medicaments.gouv.fr/affichageDoc.php?specid=64920036&typedoc=R
[260/9804] https://base-donnees-publique.medicaments.gouv.fr/affichageDoc.php?specid=68080800&typedoc=R
[261/9804] https://base-donnees-publique.medicaments.gouv.fr/affichageDoc.php?specid=60833559&typedoc=R
[262/9804] https://base-donnees-publique.medicaments.gouv.fr/affichageDoc.php?specid=60007960&typedoc=R
[263/9804] https://base-donnees-publique.medicaments.gouv.fr/affichageDoc.php?specid=66768488&typedoc=R
[264/9804] https://base-donnees-publique.medicaments.gouv.fr/affichageDoc.php?specid=64798333&typedoc=R
[265/9804] https://base-donnees-publique.medicaments.gouv.fr/affichageDoc.php?specid=69718024&typedoc=R
[266/9804] https://base-donnees-publique.medicaments.gouv.fr/affichageDoc.php?specid=65359652&typedoc=R
[267/9804] https://base-donnees-publique.medicaments.gouv.fr/affichageDoc.php?specid=62525777&typedoc=R
[268/9804] https://base-donnees-publique.medicaments.gouv.fr/affichageDoc.php?specid=66766366&typedoc=R
[269/9804] https://base-donnees-publique.medicaments.gouv.fr/affichageDoc.php?specid=60456535&typedoc=R
[270/9804] https://base-donnees-publique.medicaments.gouv.fr/affichageDoc.php?specid=66086181&typedoc=R
[271/9804] https://base-donnees-publique.medicaments.gouv.fr/affichageDoc.php?specid=66782153&typedoc=R
[272/9804] https://base-donnees-publique.medicaments.gouv.fr/affichageDoc.php?specid=63631908&typedoc=R
[273/9804] https://base-donnees-publique.medicaments.gouv.fr/affichageDoc.php?specid=64367347&typedoc=R
[274/9804] https://base-donnees-publique.medicaments.gouv.fr/affichageDoc.php?specid=60568235&typedoc=R
[275/9804] https://base-donnees-publique.medicaments.gouv.fr/affichageDoc.php?specid=65812106&typedoc=R
[276/9804] https://base-donnees-publique.medicaments.gouv.fr/affichageDoc.php?specid=66967127&typedoc=R
[277/9804] https://base-donnees-publique.medicaments.gouv.fr/affichageDoc.php?specid=67960160&typedoc=R
[278/9804] https://base-donnees-publique.medicaments.gouv.fr/affichageDoc.php?specid=69227858&typedoc=R
[279/9804] https://base-donnees-publique.medicaments.gouv.fr/affichageDoc.php?specid=63124513&typedoc=R
[280/9804] https://base-donnees-publique.medicaments.gouv.fr/affichageDoc.php?specid=69347505&typedoc=R
[281/9804] https://base-donnees-publique.medicaments.gouv.fr/affichageDoc.php?specid=65378663&typedoc=R
[282/9804] https://base-donnees-publique.medicaments.gouv.fr/affichageDoc.php?specid=65386717&typedoc=R
[283/9804] https://base-donnees-publique.medicaments.gouv.fr/affichageDoc.php?specid=67853176&typedoc=R
[284/9804] https://base-donnees-publique.medicaments.gouv.fr/affichageDoc.php?specid=61329220&typedoc=R
[285/9804] https://base-donnees-publique.medicaments.gouv.fr/affichageDoc.php?specid=69724251&typedoc=R
[286/9804] https://base-donnees-publique.medicaments.gouv.fr/affichageDoc.php?specid=64565845&typedoc=R
[287/9804] https://base-donnees-publique.medicaments.gouv.fr/affichageDoc.php?specid=67368301&typedoc=R
[288/9804] https://base-donnees-publique.medicaments.gouv.fr/affichageDoc.php?specid=68492540&typedoc=R
[289/9804] https://base-donnees-publique.medicaments.gouv.fr/affichageDoc.php?specid=60578560&typedoc=R
[290/9804] https://base-donnees-publique.medicaments.gouv.fr/affichageDoc.php?specid=64651319&typedoc=R
[291/9804] https://base-donnees-publique.medicaments.gouv.fr/affichageDoc.php?specid=66086808&typedoc=R
[292/9804] https://base-donnees-publique.medicaments.gouv.fr/affichageDoc.php?specid=63131269&typedoc=R
[293/9804] https://base-donnees-publique.medicaments.gouv.fr/affichageDoc.php?specid=66014762&typedoc=R
[294/9804] https://base-donnees-publique.medicaments.gouv.fr/affichageDoc.php?specid=62237910&typedoc=R
[295/9804] https://base-donnees-publique.medicaments.gouv.fr/affichageDoc.php?specid=65407702&typedoc=R
[296/9804] https://base-donnees-publique.medicaments.gouv.fr/affichageDoc.php?specid=63124011&typedoc=R
[297/9804] https://base-donnees-publique.medicaments.gouv.fr/affichageDoc.php?specid=64661847&typedoc=R
[298/9804] https://base-donnees-publique.medicaments.gouv.fr/affichageDoc.php?specid=62626139&typedoc=R
[299/9804] https://base-donnees-publique.medicaments.gouv.fr/affichageDoc.php?specid=60153239&typedoc=R
[300/9804] https://base-donnees-publique.medicaments.gouv.fr/affichageDoc.php?specid=62676633&typedoc=R
[301/9804] https://base-donnees-publique.medicaments.gouv.fr/affichageDoc.php?specid=61926913&typedoc=R
[302/9804] https://base-donnees-publique.medicaments.gouv.fr/affichageDoc.php?specid=66470506&typedoc=R
[303/9804] https://base-donnees-publique.medicaments.gouv.fr/affichageDoc.php?specid=69024085&typedoc=R
[304/9804] https://base-donnees-publique.medicaments.gouv.fr/affichageDoc.php?specid=61609749&typedoc=R
[305/9804] https://base-donnees-publique.medicaments.gouv.fr/affichageDoc.php?specid=69898857&typedoc=R
[306/9804] https://base-donnees-publique.medicaments.gouv.fr/affichageDoc.php?specid=66620532&typedoc=R
[307/9804] https://base-donnees-publique.medicaments.gouv.fr/affichageDoc.php?specid=64848430&typedoc=R
[308/9804] https://base-donnees-publique.medicaments.gouv.fr/affichageDoc.php?specid=63622510&typedoc=R
[309/9804] https://base-donnees-publique.medicaments.gouv.fr/affichageDoc.php?specid=67346714&typedoc=R
[310/9804] https://base-donnees-publique.medicaments.gouv.fr/affichageDoc.php?specid=60513032&typedoc=R
[311/9804] https://base-donnees-publique.medicaments.gouv.fr/affichageDoc.php?specid=62607587&typedoc=R
[312/9804] https://base-donnees-publique.medicaments.gouv.fr/affichageDoc.php?specid=63143652&typedoc=R
[313/9804] https://base-donnees-publique.medicaments.gouv.fr/affichageDoc.php?specid=67638519&typedoc=R
[314/9804] https://base-donnees-publique.medicaments.gouv.fr/affichageDoc.php?specid=64164507&typedoc=R
[315/9804] https://base-donnees-publique.medicaments.gouv.fr/affichageDoc.php?specid=63427414&typedoc=R
[316/9804] https://base-donnees-publique.medicaments.gouv.fr/affichageDoc.php?specid=61558297&typedoc=R
[317/9804] https://base-donnees-publique.medicaments.gouv.fr/affichageDoc.php?specid=69550690&typedoc=R
[318/9804] https://base-donnees-publique.medicaments.gouv.fr/affichageDoc.php?specid=61005065&typedoc=R
[319/9804] https://base-donnees-publique.medicaments.gouv.fr/affichageDoc.php?specid=66638701&typedoc=R
[320/9804] https://base-donnees-publique.medicaments.gouv.fr/affichageDoc.php?specid=65291272&typedoc=R
[321/9804] https://base-donnees-publique.medicaments.gouv.fr/affichageDoc.php?specid=67351394&typedoc=R
[322/9804] https://base-donnees-publique.medicaments.gouv.fr/affichageDoc.php?specid=66804443&typedoc=R
[323/9804] https://base-donnees-publique.medicaments.gouv.fr/affichageDoc.php?specid=63446165&typedoc=R
[324/9804] https://base-donnees-publique.medicaments.gouv.fr/affichageDoc.php?specid=65014058&typedoc=R
[325/9804] https://base-donnees-publique.medicaments.gouv.fr/affichageDoc.php?specid=66725120&typedoc=R
[326/9804] https://base-donnees-publique.medicaments.gouv.fr/affichageDoc.php?specid=68262525&typedoc=R
[327/9804] https://base-donnees-publique.medicaments.gouv.fr/affichageDoc.php?specid=68708664&typedoc=R
[328/9804] https://base-donnees-publique.medicaments.gouv.fr/affichageDoc.php?specid=60596010&typedoc=R
[329/9804] https://base-donnees-publique.medicaments.gouv.fr/affichageDoc.php?specid=69456091&typedoc=R
[330/9804] https://base-donnees-publique.medicaments.gouv.fr/affichageDoc.php?specid=67111171&typedoc=R
[331/9804] https://base-donnees-publique.medicaments.gouv.fr/affichageDoc.php?specid=67399275&typedoc=R
[332/9804] https://base-donnees-publique.medicaments.gouv.fr/affichageDoc.php?specid=68576006&typedoc=R
[333/9804] https://base-donnees-publique.medicaments.gouv.fr/affichageDoc.php?specid=68320252&typedoc=R
[334/9804] https://base-donnees-publique.medicaments.gouv.fr/affichageDoc.php?specid=62674422&typedoc=R
[335/9804] https://base-donnees-publique.medicaments.gouv.fr/affichageDoc.php?specid=67794532&typedoc=R
[336/9804] https://base-donnees-publique.medicaments.gouv.fr/affichageDoc.php?specid=63056731&typedoc=R
[337/9804] https://base-donnees-publique.medicaments.gouv.fr/affichageDoc.php?specid=66603383&typedoc=R
[338/9804] https://base-donnees-publique.medicaments.gouv.fr/affichageDoc.php?specid=69354407&typedoc=R
[339/9804] https://base-donnees-publique.medicaments.gouv.fr/affichageDoc.php?specid=69235513&typedoc=R
[340/9804] https://base-donnees-publique.medicaments.gouv.fr/affichageDoc.php?specid=67353961&typedoc=R
[341/9804] https://base-donnees-publique.medicaments.gouv.fr/affichageDoc.php?specid=61473085&typedoc=R
[342/9804] https://base-donnees-publique.medicaments.gouv.fr/affichageDoc.php?specid=68810441&typedoc=R
[343/9804] https://base-donnees-publique.medicaments.gouv.fr/affichageDoc.php?specid=67728742&typedoc=R
[344/9804] https://base-donnees-publique.medicaments.gouv.fr/affichageDoc.php?specid=60208251&typedoc=R
[345/9804] https://base-donnees-publique.medicaments.gouv.fr/affichageDoc.php?specid=66363543&typedoc=R
[346/9804] https://base-donnees-publique.medicaments.gouv.fr/affichageDoc.php?specid=65670322&typedoc=R
[347/9804] https://base-donnees-publique.medicaments.gouv.fr/affichageDoc.php?specid=62194918&typedoc=R
[348/9804] https://base-donnees-publique.medicaments.gouv.fr/affichageDoc.php?specid=63278098&typedoc=R
[349/9804] https://base-donnees-publique.medicaments.gouv.fr/affichageDoc.php?specid=60120709&typedoc=R
[350/9804] https://base-donnees-publique.medicaments.gouv.fr/affichageDoc.php?specid=63215258&typedoc=R
[351/9804] https://base-donnees-publique.medicaments.gouv.fr/affichageDoc.php?specid=61664126&typedoc=R
[352/9804] https://base-donnees-publique.medicaments.gouv.fr/affichageDoc.php?specid=63026574&typedoc=R
[353/9804] https://base-donnees-publique.medicaments.gouv.fr/affichageDoc.php?specid=66000321&typedoc=R
[354/9804] https://base-donnees-publique.medicaments.gouv.fr/affichageDoc.php?specid=62311307&typedoc=R
[355/9804] https://base-donnees-publique.medicaments.gouv.fr/affichageDoc.php?specid=61461179&typedoc=R
[356/9804] https://base-donnees-publique.medicaments.gouv.fr/affichageDoc.php?specid=64308320&typedoc=R
[357/9804] https://base-donnees-publique.medicaments.gouv.fr/affichageDoc.php?specid=61060033&typedoc=R
[358/9804] https://base-donnees-publique.medicaments.gouv.fr/affichageDoc.php?specid=68822550&typedoc=R
[359/9804] https://base-donnees-publique.medicaments.gouv.fr/affichageDoc.php?specid=65936584&typedoc=R
[360/9804] https://base-donnees-publique.medicaments.gouv.fr/affichageDoc.php?specid=69497348&typedoc=R

=== STOP demandé (SIGTERM) ===
